// Jest Snapshot v1, https://goo.gl/fbAQLP

exports[`RadioSelect renders the component with title and options 1`] = `
<div>
  <div
    class="html-div x1ghz6dp x1717udv xet4sn1 x13zp6ng x78zum5 xdt5ytf x1us19tq x5yr21d xh8yej3"
    data-theme="dark"
  >
    <div
      data-testid="radio-select-wrapper"
    >
      <div
        data-testid="title"
      >
        Select an option
      </div>
      <div
        data-testid="radio-option"
      >
        <input
          checked=""
          type="radio"
        />
        Option 1
      </div>
      <div
        data-testid="radio-option"
      >
        <input
          type="radio"
        />
        Option 2
      </div>
      <div
        data-testid="radio-option"
      >
        <input
          type="radio"
        />
        Option 3
      </div>
    </div>
  </div>
</div>
`;
